
> smart-street-vendor-frontend@1.0.0 dev
> vite --host 127.0.0.1


  VITE v5.4.21  ready in 220 ms

  ➜  Local:   http://127.0.0.1:5173/
1:11:20 PM [vite] page reload index.html
1:11:21 PM [vite] hmr update /src/App.jsx, /src/index.css
1:11:21 PM [vite] hmr update /src/components/CartDrawer.jsx, /src/index.css
1:11:21 PM [vite] hmr update /src/context/AuthContext.jsx, /src/index.css
1:11:21 PM [vite] hmr update /src/pages/AdminDashboardPage.jsx, /src/index.css
1:11:21 PM [vite] hmr update /src/index.css
1:11:21 PM [vite] page reload src/main.jsx
1:11:21 PM [vite] hmr update /src/components/DigitalInvoiceModal.jsx, /src/index.css
1:11:21 PM [vite] hmr update /src/components/FoodCard.jsx, /src/index.css
1:11:21 PM [vite] hmr update /src/components/FoodCustomizationModal.jsx, /src/index.css
1:11:21 PM [vite] hmr update /src/components/Footer.jsx, /src/index.css
1:11:21 PM [vite] hmr update /src/components/LoginModal.jsx, /src/index.css
1:11:21 PM [vite] hmr update /src/components/Navbar.jsx, /src/index.css
1:11:21 PM [vite] hmr update /src/components/QRScannerModal.jsx, /src/index.css
1:11:21 PM [vite] hmr update /src/components/VendorCard.jsx, /src/index.css
1:11:21 PM [vite] hmr update /src/index.css, /src/context/CartContext.jsx, /src/pages/HomePage.jsx, /src/pages/CustomerOrdersPage.jsx, /src/context/AuthContext.jsx, /src/pages/CheckoutPage.jsx, /src/pages/VendorRegisterPage.jsx, /src/components/LoginModal.jsx, /src/pages/VendorQRPage.jsx, /src/pages/VendorStorePage.jsx, /src/pages/AdminDashboardPage.jsx, /src/pages/VendorMenuPage.jsx, /src/pages/VendorDashboardPage.jsx, /src/pages/VendorAnalyticsPage.jsx, /src/pages/OrderTrackingPage.jsx
1:11:21 PM [vite] page reload tailwind.config.js
1:11:21 PM [vite] vite.config.js changed, restarting server...
1:11:21 PM [vite] hmr update /src/context/CartContext.jsx, /src/index.css
1:11:21 PM [vite] hmr update /src/context/SocketContext.jsx, /src/index.css
1:11:21 PM [vite] hmr update /src/pages/CheckoutPage.jsx, /src/index.css
1:11:21 PM [vite] hmr update /src/pages/CustomerOrdersPage.jsx, /src/index.css
1:11:21 PM [vite] hmr update /src/pages/HomePage.jsx, /src/index.css
1:11:21 PM [vite] hmr update /src/pages/OrderTrackingPage.jsx, /src/index.css
1:11:21 PM [vite] hmr update /src/pages/VendorAnalyticsPage.jsx, /src/index.css
1:11:21 PM [vite] hmr update /src/pages/VendorDashboardPage.jsx, /src/index.css
1:11:21 PM [vite] hmr update /src/pages/VendorMenuPage.jsx, /src/index.css
1:11:21 PM [vite] hmr update /src/pages/VendorQRPage.jsx, /src/index.css
1:11:21 PM [vite] hmr update /src/pages/VendorRegisterPage.jsx, /src/index.css
1:11:21 PM [vite] hmr update /src/pages/VendorStorePage.jsx, /src/index.css
1:11:21 PM [vite] server restarted.
